// Jest Snapshot v1, https://goo.gl/fbAQLP

exports[`CreateIdea should render correctly 1`] = `
<RCTSafeAreaView
  accessible={true}
  emulateUnlessSupported={true}
  onResponderGrant={[Function]}
  onResponderMove={[Function]}
  onResponderRelease={[Function]}
  onResponderTerminate={[Function]}
  onResponderTerminationRequest={[Function]}
  onStartShouldSetResponder={[Function]}
  style={
    Object {
      "alignItems": "stretch",
      "backgroundColor": "#F5FCFF",
      "flex": 1,
      "justifyContent": "space-between",
      "paddingLeft": 10,
      "paddingRight": 10,
    }
  }
>
  <View
    onLayout={[Function]}
    style={
      Object {
        "alignItems": "stretch",
        "backgroundColor": "#F5FCFF",
        "flex": 1,
        "justifyContent": "space-between",
        "paddingLeft": 10,
        "paddingRight": 10,
      }
    }
  >
    <Text
      style={
        Object {
          "fontSize": 30,
          "marginTop": 15,
          "textAlign": "center",
        }
      }
    >
      Create a Post!
    </Text>
    <TextInput
      allowFontScaling={true}
      onChangeText={[Function]}
      placeholder="Idea Title"
      style={
        Object {
          "alignSelf": "stretch",
          "fontSize": 18,
          "margin": 6,
          "padding": 10,
        }
      }
      underlineColorAndroid="transparent"
      value=""
    />
    <TextInput
      allowFontScaling={true}
      onChangeText={[Function]}
      placeholder="Author name (Optional)"
      style={
        Object {
          "alignSelf": "stretch",
          "fontSize": 18,
          "margin": 6,
          "padding": 10,
        }
      }
      underlineColorAndroid="transparent"
      value=""
    />
    <TextInput
      allowFontScaling={true}
      multiline={true}
      onChangeText={[Function]}
      placeholder="Start your idea here..."
      style={
        Object {
          "alignSelf": "stretch",
          "borderWidth": 1,
          "fontSize": 18,
          "margin": 10,
          "padding": 10,
        }
      }
      underlineColorAndroid="transparent"
      value=""
    />
    <View>
      <View
        accessibilityRole="button"
        accessibilityStates={Array []}
        accessible={true}
        isTVSelectable={true}
        onResponderGrant={[Function]}
        onResponderMove={[Function]}
        onResponderRelease={[Function]}
        onResponderTerminate={[Function]}
        onResponderTerminationRequest={[Function]}
        onStartShouldSetResponder={[Function]}
        style={
          Object {
            "opacity": 1,
          }
        }
      >
        <View
          style={
            Array [
              Object {},
            ]
          }
        >
          <Text
            style={
              Array [
                Object {
                  "color": "#007AFF",
                  "fontSize": 18,
                  "padding": 8,
                  "textAlign": "center",
                },
              ]
            }
          >
            Submit
          </Text>
        </View>
      </View>
    </View>
  </View>
</RCTSafeAreaView>
`;
